This is pdfTeX, Version 3.141592653-2.6-1.40.29 (TeX Live 2026) (preloaded format=pdflatex 2026.7.26)  17 AUG 2026 13:57
entering extended mode
 restricted \write18 enabled.
 %&-line parsing enabled.
**hidden-buttons.tex
(./hidden-buttons.tex
LaTeX2e <2025-11-01>
L3 programming layer <2026-03-20>
(/usr/share/texlive/texmf-dist/tex/latex/base/article.cls
Document Class: article 2025/01/22 v1.4n Standard LaTeX document class
(/usr/share/texlive/texmf-dist/tex/latex/base/size11.clo
File: size11.clo 2025/01/22 v1.4n Standard LaTeX file (size option)
)
\c@part=\count275
\c@section=\count276
\c@subsection=\count277
\c@subsubsection=\count278
\c@paragraph=\count279
\c@subparagraph=\count280
\c@figure=\count281
\c@table=\count282
\abovecaptionskip=\skip49
\belowcaptionskip=\skip50
\bibindent=\dimen150
)
(/usr/share/texlive/texmf-dist/tex/latex/graphics/graphicx.sty
Package: graphicx 2024/12/31 v1.2e Enhanced LaTeX Graphics (DPC,SPQR)

(/usr/share/texlive/texmf-dist/tex/latex/graphics/keyval.sty
Package: keyval 2022/05/29 v1.15 key=value parser (DPC)
\KV@toks@=\toks17
)
(/usr/share/texlive/texmf-dist/tex/latex/graphics/graphics.sty
Package: graphics 2024/08/06 v1.4g Standard LaTeX Graphics (DPC,SPQR)

(/usr/share/texlive/texmf-dist/tex/latex/graphics/trig.sty
Package: trig 2023/12/02 v1.11 sin cos tan (DPC)
)
(/usr/share/texlive/texmf-dist/tex/latex/graphics-cfg/graphics.cfg
File: graphics.cfg 2016/06/04 v1.11 sample graphics configuration
)
Package graphics Info: Driver file: pdftex.def on input line 106.

(/usr/share/texlive/texmf-dist/tex/latex/graphics-def/pdftex.def
File: pdftex.def 2025/09/29 v1.2d Graphics/color driver for pdftex
))
\Gin@req@height=\dimen151
\Gin@req@width=\dimen152
)
(/usr/share/texlive/texmf-dist/tex/latex/base/inputenc.sty
Package: inputenc 2024/02/08 v1.3d Input encoding file
\inpenc@prehook=\toks18
\inpenc@posthook=\toks19
)
(/usr/share/texlive/texmf-dist/tex/latex/amsfonts/amssymb.sty
Package: amssymb 2013/01/14 v3.01 AMS font symbols

(/usr/share/texlive/texmf-dist/tex/latex/amsfonts/amsfonts.sty
Package: amsfonts 2013/01/14 v3.01 Basic AMSFonts support
\@emptytoks=\toks20
\symAMSa=\mathgroup4
\symAMSb=\mathgroup5
LaTeX Font Info:    Redeclaring math symbol \hbar on input line 98.
LaTeX Font Info:    Overwriting math alphabet `\mathfrak' in version `bold'
(Font)                  U/euf/m/n --> U/euf/b/n on input line 106.
))
(/usr/share/texlive/texmf-dist/tex/latex/base/latexsym.sty
Package: latexsym 1998/08/17 v2.2e Standard LaTeX package (lasy symbols)
\symlasy=\mathgroup6
LaTeX Font Info:    Overwriting symbol font `lasy' in version `bold'
(Font)                  U/lasy/m/n --> U/lasy/b/n on input line 52.
)
(/usr/share/texlive/texmf-dist/tex/latex/base/textcomp.sty
Package: textcomp 2024/04/24 v2.1b Standard LaTeX package
)
(/usr/share/texlive/texmf-dist/tex/latex/l3backend/l3backend-pdftex.def
File: l3backend-pdftex.def 2026-02-18 L3 backend support: PDF output (pdfTeX)
\l__color_backend_stack_int=\count283
)
(./hidden-buttons.aux)
\openout1 = `hidden-buttons.aux'.

LaTeX Font Info:    Checking defaults for OML/cmm/m/it on input line 25.
LaTeX Font Info:    ... okay on input line 25.
LaTeX Font Info:    Checking defaults for OMS/cmsy/m/n on input line 25.
LaTeX Font Info:    ... okay on input line 25.
LaTeX Font Info:    Checking defaults for OT1/cmr/m/n on input line 25.
LaTeX Font Info:    ... okay on input line 25.
LaTeX Font Info:    Checking defaults for T1/cmr/m/n on input line 25.
LaTeX Font Info:    ... okay on input line 25.
LaTeX Font Info:    Checking defaults for TS1/cmr/m/n on input line 25.
LaTeX Font Info:    ... okay on input line 25.
LaTeX Font Info:    Checking defaults for OMX/cmex/m/n on input line 25.
LaTeX Font Info:    ... okay on input line 25.
LaTeX Font Info:    Checking defaults for U/cmr/m/n on input line 25.
LaTeX Font Info:    ... okay on input line 25.

(/usr/share/texlive/texmf-dist/tex/latex/epstopdf-pkg/epstopdf-base.sty
Package: epstopdf-base 2020-01-24 v2.11 Base part for package epstopdf
Package epstopdf-base Info: Redefining graphics rule for `.eps' on input line 4
85.

(/usr/share/texlive/texmf-dist/tex/latex/latexconfig/epstopdf-sys.cfg
File: epstopdf-sys.cfg 2010/07/13 v1.3 Configuration of (r)epstopdf for TeX Liv
e
))
LaTeX Font Info:    Trying to load font information for U+msa on input line 33.


(/usr/share/texlive/texmf-dist/tex/latex/amsfonts/umsa.fd
File: umsa.fd 2013/01/14 v3.01 AMS symbols A
)
LaTeX Font Info:    Trying to load font information for U+msb on input line 33.


(/usr/share/texlive/texmf-dist/tex/latex/amsfonts/umsb.fd
File: umsb.fd 2013/01/14 v3.01 AMS symbols B
)
LaTeX Font Info:    Trying to load font information for U+lasy on input line 33
.

(/usr/share/texlive/texmf-dist/tex/latex/base/ulasy.fd
File: ulasy.fd 1998/08/17 v2.2e LaTeX symbol font definitions
)
<content-table.png, id=1, 1747.52875pt x 783.92876pt>
File: content-table.png Graphic file (type png)
<use content-table.png>
Package pdftex.def Info: content-table.png  used on input line 46.
(pdftex.def)             Requested size: 312.9803pt x 140.39534pt.
<dump-window.png, id=3, 761.84625pt x 178.6675pt>
File: dump-window.png Graphic file (type png)
<use dump-window.png>
Package pdftex.def Info: dump-window.png  used on input line 52.
(pdftex.def)             Requested size: 227.62204pt x 53.37982pt.
 [1

{/var/lib/texmf/fonts/map/pdftex/updmap/pdftex.map} <./content-table.png> <./du
mp-window.png>]
<topline.png, id=16, 456.70625pt x 43.16125pt>
File: topline.png Graphic file (type png)
<use topline.png>
Package pdftex.def Info: topline.png  used on input line 58.
(pdftex.def)             Requested size: 227.62204pt x 21.51141pt.
<copyright.png.png, id=17, 615.29875pt x 923.45pt>
File: copyright.png.png Graphic file (type png)
<use copyright.png.png>
Package pdftex.def Info: copyright.png.png  used on input line 62.
(pdftex.def)             Requested size: 227.62204pt x 341.61478pt.
File: topline.png Graphic file (type png)
<use topline.png>
Package pdftex.def Info: topline.png  used on input line 66.
(pdftex.def)             Requested size: 227.62204pt x 21.51141pt.
<dabfolder.png, id=18, 1091.07625pt x 554.07pt>
File: dabfolder.png Graphic file (type png)
<use dabfolder.png>
Package pdftex.def Info: dabfolder.png  used on input line 71.
(pdftex.def)             Requested size: 227.62204pt x 115.58878pt.

[2 <./topline.png> <./copyright.png.png>]
File: topline.png Graphic file (type png)
<use topline.png>
Package pdftex.def Info: topline.png  used on input line 75.
(pdftex.def)             Requested size: 227.62204pt x 21.51141pt.
<devicelist.png, id=24, 333.245pt x 406.51875pt>
File: devicelist.png Graphic file (type png)
<use devicelist.png>
Package pdftex.def Info: devicelist.png  used on input line 79.
(pdftex.def)             Requested size: 142.26378pt x 173.54665pt.
File: topline.png Graphic file (type png)
<use topline.png>
Package pdftex.def Info: topline.png  used on input line 83.
(pdftex.def)             Requested size: 227.62204pt x 21.51141pt.
<snr-window.png, id=25, 754.82pt x 402.50375pt>
File: snr-window.png Graphic file (type png)
<use snr-window.png>
Package pdftex.def Info: snr-window.png  used on input line 87.
(pdftex.def)             Requested size: 227.62204pt x 121.37851pt.
 [3 <./dabfolder.png> <./devicelist.png> <./snr-window.png>]
<second-line.png, id=32, 438.63875pt x 56.21pt>
File: second-line.png Graphic file (type png)
<use second-line.png>
Package pdftex.def Info: second-line.png  used on input line 91.
(pdftex.def)             Requested size: 227.62204pt x 29.16931pt.
<full-mainwindow.png, id=33, 1015.795pt x 616.3025pt>
File: full-mainwindow.png Graphic file (type png)
<use full-mainwindow.png>
Package pdftex.def Info: full-mainwindow.png  used on input line 95.
(pdftex.def)             Requested size: 270.30118pt x 163.99648pt.
<short-mainwindow.png, id=34, 815.045pt x 616.3025pt>
File: short-mainwindow.png Graphic file (type png)
<use short-mainwindow.png>
Package pdftex.def Info: short-mainwindow.png  used on input line 96.
(pdftex.def)             Requested size: 199.16928pt x 150.60516pt.
File: second-line.png Graphic file (type png)
<use second-line.png>
Package pdftex.def Info: second-line.png  used on input line 101.
(pdftex.def)             Requested size: 227.62204pt x 29.16931pt.
<epg-window.png, id=35, 352.31625pt x 427.5975pt>
File: epg-window.png Graphic file (type png)
<use epg-window.png>
Package pdftex.def Info: epg-window.png  used on input line 105.
(pdftex.def)             Requested size: 142.26378pt x 172.66058pt.
<timetable-window.png, id=36, 586.19pt x 339.2675pt>
File: timetable-window.png Graphic file (type png)
<use timetable-window.png>
Package pdftex.def Info: timetable-window.png  used on input line 106.
(pdftex.def)             Requested size: 142.26378pt x 82.33698pt.
 [4 <./second-line.png> <./full-mainwindow.png> <./short-mainwindow.png>]
<third-line.png, id=43, 402.50375pt x 41.15375pt>
File: third-line.png Graphic file (type png)
<use third-line.png>
Package pdftex.def Info: third-line.png  used on input line 111.
(pdftex.def)             Requested size: 227.62204pt x 23.27263pt.
<muting-window.png, id=44, 459.7175pt x 130.4875pt>
File: muting-window.png Graphic file (type png)
<use muting-window.png>
Package pdftex.def Info: muting-window.png  used on input line 117.
(pdftex.def)             Requested size: 170.71652pt x 48.45682pt.
<muting-time.png, id=45, 319.1925pt x 178.6675pt>
File: muting-time.png Graphic file (type png)
<use muting-time.png>
Package pdftex.def Info: muting-time.png  used on input line 122.
(pdftex.def)             Requested size: 113.81102pt x 63.70412pt.
<transmitter-window.png, id=46, 1149.29375pt x 289.08pt>
File: transmitter-window.png Graphic file (type png)
<use transmitter-window.png>
Package pdftex.def Info: transmitter-window.png  used on input line 128.
(pdftex.def)             Requested size: 398.33858pt x 100.19144pt.
 [5 <./epg-window.png> <./timetable-window.png> <./third-line.png> <./muting-wi
ndow.png> <./muting-time.png>]
<buttons.png, id=55, 405.515pt x 76.285pt>
File: buttons.png Graphic file (type png)
<use buttons.png>
Package pdftex.def Info: buttons.png  used on input line 134.
(pdftex.def)             Requested size: 170.71652pt x 32.11513pt.
<color-scheme.png, id=56, 542.025pt x 367.3725pt>
File: color-scheme.png Graphic file (type png)
<use color-scheme.png>
Package pdftex.def Info: color-scheme.png  used on input line 140.
(pdftex.def)             Requested size: 170.71652pt x 115.70612pt.
 [6 <./transmitter-window.png> <./buttons.png> <./color-scheme.png>] (./hidden-
buttons.aux)
 ***********
LaTeX2e <2025-11-01>
L3 programming layer <2026-03-20>
 ***********
 ) 
Here is how much of TeX's memory you used:
 1761 strings out of 469652
 28192 string characters out of 5475536
 441951 words of memory out of 6000000
 30298 multiletter control sequences out of 15000+600000
 633937 words of font info for 65 fonts, out of 8000000 for 9000
 14 hyphenation exceptions out of 8191
 57i,6n,65p,387b,222s stack positions out of 10000i,1000n,20000p,200000b,200000s
</usr/share/texlive/texmf-dist/fonts/type1/public/amsfonts/cm/cmbx10.pfb></us
r/share/texlive/texmf-dist/fonts/type1/public/amsfonts/cm/cmr10.pfb></usr/share
/texlive/texmf-dist/fonts/type1/public/amsfonts/cm/cmr12.pfb></usr/share/texliv
e/texmf-dist/fonts/type1/public/amsfonts/cm/cmr17.pfb></usr/share/texlive/texmf
-dist/fonts/type1/public/amsfonts/cm/cmti10.pfb>
Output written on hidden-buttons.pdf (6 pages, 809345 bytes).
PDF statistics:
 85 PDF objects out of 1000 (max. 8388607)
 30 compressed objects within 1 object stream
 0 named destinations out of 1000 (max. 500000)
 91 words of extra memory for PDF output out of 10000 (max. 10000000)

